clean refs done [3s]
pair 0 Texas->California [16s]
pair 1 Oklahoma->Pennsylvania [28s]
pair 2 Arkansas->Mississippi [39s]
pair 3 Vermont->Texas [51s]
pair 4 Oregon->Nevada [63s]
pair 5 Tennessee->North Carolina [75s]
pair 6 Maine->Vermont [88s]
pair 7 Indiana->Montana [98s]
pair 8 Indiana->Hawaii [109s]
pair 9 Mississippi->Wisconsin [120s]
pair 10 Iowa->Nevada [132s]
pair 11 Hawaii->Colorado [143s]
pair 12 New Jersey->Tennessee [156s]
pair 13 Wyoming->Hawaii [167s]
pair 14 North Carolina->Rhode Island [180s]
pair 15 New Hampshire->Maine [191s]
pair 16 Wyoming->Tennessee [203s]
pair 17 South Carolina->Virginia [215s]
pair 18 Mississippi->California [226s]
pair 19 Wyoming->Alabama [238s]
pair 20 Connecticut->Oregon [250s]
pair 21 Alabama->Texas [262s]
pair 22 New Jersey->Minnesota [275s]
pair 23 New Hampshire->Colorado [287s]
pair 24 Louisiana->Maryland [299s]
pair 25 Minnesota->Iowa [311s]
pair 26 Wisconsin->South Carolina [323s]
pair 27 Connecticut->New Hampshire [335s]
pair 28 Hawaii->Nevada [346s]
pair 29 Wyoming->Montana [358s]
L 2 meandiff       capflip 0.24 [0.17,0.33] (n=103) state->tgt 0.30 [0.22,0.40] (n=103) state kept 0.18 P(US) 0.72->0.39 KLc 0.529 KLczs 2.027 KLg 0.037 third->tgt 0.06
L 2 random         capflip 0.05 [0.02,0.11] (n=103) state->tgt 0.04 [0.02,0.10] (n=103) state kept 0.71 P(US) 0.72->0.47 KLc 0.353 KLczs 1.109 KLg 0.036 third->tgt 0.00
L 3 meandiff       capflip 0.43 [0.34,0.52] (n=103) state->tgt 0.55 [0.46,0.65] (n=103) state kept 0.09 P(US) 0.72->0.44 KLc 0.430 KLczs 2.136 KLg 0.032 third->tgt 0.09
L 3 random         capflip 0.01 [0.00,0.05] (n=103) state->tgt 0.00 [0.00,0.04] (n=103) state kept 0.77 P(US) 0.72->0.52 KLc 0.311 KLczs 0.842 KLg 0.037 third->tgt 0.00
L 4 meandiff       capflip 0.60 [0.51,0.69] (n=103) state->tgt 0.78 [0.69,0.85] (n=103) state kept 0.05 P(US) 0.72->0.57 KLc 0.205 KLczs 2.183 KLg 0.030 third->tgt 0.13
L 4 meandiff_x0.25 capflip 0.04 [0.02,0.10] (n=103) state->tgt 0.00 [0.00,0.04] (n=103) state kept 0.93 P(US) 0.72->0.65 KLc 0.048 KLczs 0.202 KLg 0.003 third->tgt 0.00
L 4 meandiff_x0.5  capflip 0.15 [0.09,0.23] (n=103) state->tgt 0.15 [0.09,0.23] (n=103) state kept 0.51 P(US) 0.72->0.59 KLc 0.130 KLczs 0.878 KLg 0.009 third->tgt 0.00
L 4 meandiff_x2    capflip 0.67 [0.57,0.75] (n=103) state->tgt 0.93 [0.87,0.97] (n=103) state kept 0.00 P(US) 0.72->0.46 KLc 0.367 KLczs 2.821 KLg 0.066 third->tgt 0.41
L 4 random         capflip 0.02 [0.01,0.07] (n=103) state->tgt 0.01 [0.00,0.05] (n=103) state kept 0.83 P(US) 0.72->0.59 KLc 0.147 KLczs 0.468 KLg 0.033 third->tgt 0.00
L 5 meandiff       capflip 0.76 [0.67,0.83] (n=103) state->tgt 0.93 [0.87,0.97] (n=103) state kept 0.01 P(US) 0.72->0.63 KLc 0.117 KLczs 2.223 KLg 0.029 third->tgt 0.22
L 5 random         capflip 0.03 [0.01,0.08] (n=103) state->tgt 0.00 [0.00,0.04] (n=103) state kept 0.98 P(US) 0.72->0.64 KLc 0.101 KLczs 0.335 KLg 0.038 third->tgt 0.00
L 6 meandiff       capflip 0.85 [0.77,0.91] (n=103) state->tgt 0.94 [0.88,0.97] (n=103) state kept 0.01 P(US) 0.72->0.68 KLc 0.087 KLczs 2.333 KLg 0.023 third->tgt 0.23
L 6 random         capflip 0.01 [0.00,0.05] (n=103) state->tgt 0.00 [0.00,0.04] (n=103) state kept 0.98 P(US) 0.72->0.67 KLc 0.052 KLczs 0.197 KLg 0.028 third->tgt 0.00
L 8 meandiff       capflip 0.89 [0.82,0.94] (n=103) state->tgt 0.98 [0.93,0.99] (n=103) state kept 0.02 P(US) 0.72->0.66 KLc 0.086 KLczs 2.508 KLg 0.015 third->tgt 0.24
L 8 meandiff_x0.25 capflip 0.05 [0.02,0.11] (n=103) state->tgt 0.02 [0.01,0.07] (n=103) state kept 0.95 P(US) 0.72->0.71 KLc 0.008 KLczs 0.102 KLg 0.002 third->tgt 0.00
L 8 meandiff_x0.5  capflip 0.25 [0.18,0.34] (n=103) state->tgt 0.30 [0.22,0.40] (n=103) state kept 0.51 P(US) 0.72->0.70 KLc 0.028 KLczs 0.635 KLg 0.006 third->tgt 0.01
L 8 meandiff_x2    capflip 0.95 [0.89,0.98] (n=103) state->tgt 0.99 [0.95,1.00] (n=103) state kept 0.01 P(US) 0.72->0.48 KLc 0.271 KLczs 3.322 KLg 0.031 third->tgt 0.48
L 8 random         capflip 0.00 [0.00,0.04] (n=103) state->tgt 0.00 [0.00,0.04] (n=103) state kept 0.99 P(US) 0.72->0.68 KLc 0.034 KLczs 0.171 KLg 0.029 third->tgt 0.00
L10 meandiff       capflip 0.89 [0.82,0.94] (n=103) state->tgt 0.97 [0.92,0.99] (n=103) state kept 0.01 P(US) 0.72->0.64 KLc 0.086 KLczs 2.455 KLg 0.006 third->tgt 0.21
L10 random         capflip 0.00 [0.00,0.04] (n=103) state->tgt 0.00 [0.00,0.04] (n=103) state kept 1.00 P(US) 0.72->0.65 KLc 0.044 KLczs 0.127 KLg 0.020 third->tgt 0.00
L12 meandiff       capflip 0.89 [0.82,0.94] (n=103) state->tgt 0.97 [0.92,0.99] (n=103) state kept 0.01 P(US) 0.72->0.63 KLc 0.086 KLczs 2.403 KLg 0.005 third->tgt 0.23
L12 random         capflip 0.02 [0.01,0.07] (n=103) state->tgt 0.00 [0.00,0.04] (n=103) state kept 1.00 P(US) 0.72->0.61 KLc 0.075 KLczs 0.107 KLg 0.025 third->tgt 0.00
L15 meandiff       capflip 0.89 [0.82,0.94] (n=103) state->tgt 0.97 [0.92,0.99] (n=103) state kept 0.01 P(US) 0.72->0.63 KLc 0.086 KLczs 2.371 KLg 0.003 third->tgt 0.19
L15 meandiff_x0.25 capflip 0.04 [0.02,0.10] (n=103) state->tgt 0.02 [0.01,0.07] (n=103) state kept 0.96 P(US) 0.72->0.71 KLc 0.006 KLczs 0.096 KLg 0.001 third->tgt 0.00
L15 meandiff_x0.5  capflip 0.23 [0.16,0.32] (n=103) state->tgt 0.26 [0.19,0.35] (n=103) state kept 0.56 P(US) 0.72->0.69 KLc 0.025 KLczs 0.569 KLg 0.002 third->tgt 0.01
L15 meandiff_x2    capflip 0.80 [0.71,0.86] (n=103) state->tgt 0.98 [0.93,0.99] (n=103) state kept 0.01 P(US) 0.72->0.46 KLc 0.296 KLczs 3.267 KLg 0.005 third->tgt 0.39
L15 random         capflip 0.00 [0.00,0.04] (n=103) state->tgt 0.00 [0.00,0.04] (n=103) state kept 1.00 P(US) 0.72->0.67 KLc 0.031 KLczs 0.067 KLg 0.008 third->tgt 0.00
L18 meandiff       capflip 0.87 [0.80,0.92] (n=103) state->tgt 0.97 [0.92,0.99] (n=103) state kept 0.01 P(US) 0.72->0.64 KLc 0.080 KLczs 2.360 KLg 0.002 third->tgt 0.19
L18 random         capflip 0.01 [0.00,0.05] (n=103) state->tgt 0.00 [0.00,0.04] (n=103) state kept 1.00 P(US) 0.72->0.68 KLc 0.018 KLczs 0.058 KLg 0.002 third->tgt 0.00
L21 meandiff       capflip 0.82 [0.73,0.88] (n=103) state->tgt 0.98 [0.93,0.99] (n=103) state kept 0.01 P(US) 0.72->0.66 KLc 0.060 KLczs 1.805 KLg 0.002 third->tgt 0.16
L21 random         capflip 0.01 [0.00,0.05] (n=103) state->tgt 0.00 [0.00,0.04] (n=103) state kept 1.00 P(US) 0.72->0.68 KLc 0.017 KLczs 0.049 KLg 0.002 third->tgt 0.00
L22 meandiff       capflip 0.11 [0.06,0.18] (n=103) state->tgt 0.22 [0.15,0.31] (n=103) state kept 0.48 P(US) 0.72->0.70 KLc 0.011 KLczs 0.602 KLg 0.002 third->tgt 0.00
L22 random         capflip 0.01 [0.00,0.05] (n=103) state->tgt 0.00 [0.00,0.04] (n=103) state kept 1.00 P(US) 0.72->0.72 KLc 0.001 KLczs 0.018 KLg 0.002 third->tgt 0.00
